
> Configure project :ai_tutor
WARNING: The option setting 'android.overridePathCheck=true' is experimental.
The current default is 'false'.

> Task :ai_tutor:checkKotlinGradlePluginConfigurationErrors SKIPPED
> Task :ai_tutor:preBuild UP-TO-DATE
> Task :ai_tutor:preDebugBuild UP-TO-DATE
> Task :ai_tutor:generateDebugResValues UP-TO-DATE
> Task :ai_tutor:generateDebugResources UP-TO-DATE
> Task :ai_tutor:packageDebugResources UP-TO-DATE
> Task :ai_tutor:parseDebugLocalResources UP-TO-DATE
> Task :ai_tutor:generateDebugRFile UP-TO-DATE
> Task :common:checkKotlinGradlePluginConfigurationErrors SKIPPED
> Task :common:preBuild UP-TO-DATE
> Task :common:preDebugBuild UP-TO-DATE
> Task :common:generateDebugResValues UP-TO-DATE
> Task :common:generateDebugResources UP-TO-DATE
> Task :common:packageDebugResources UP-TO-DATE
> Task :common:parseDebugLocalResources UP-TO-DATE
> Task :common:generateDebugRFile UP-TO-DATE
> Task :common:kspDebugKotlin UP-TO-DATE
> Task :common:compileDebugKotlin UP-TO-DATE
> Task :common:javaPreCompileDebug UP-TO-DATE
> Task :common:compileDebugJavaWithJavac NO-SOURCE
> Task :common:bundleLibCompileToJarDebug UP-TO-DATE
> Task :ai_tutor:kspDebugKotlin UP-TO-DATE
> Task :ai_tutor:compileDebugKotlin UP-TO-DATE

[Incubating] Problems report is available at: file:///D:/Project/AI_Education/build/reports/problems/problems-report.html

Deprecated Gradle features were used in this build, making it incompatible with Gradle 10.

You can use '--warning-mode all' to show the individual deprecation warnings and determine if they come from your own scripts or plugins.

For more on this, please refer to https://docs.gradle.org/9.1.0/userguide/command_line_interface.html#sec:command_line_warnings in the Gradle documentation.

BUILD SUCCESSFUL in 3s
16 actionable tasks: 16 up-to-date
Consider enabling configuration cache to speed up this build: https://docs.gradle.org/9.1.0/userguide/configuration_cache_enabling.html
